
There are no discarded input sections

Memory Configuration

Name             Origin             Length             Attributes
*default*        0x00000000         0xffffffff

Linker script and memory map

                0x00007c00                        phys = 0x7c00
                0x00007c00                        . = phys

.fsjump         0x00007c00        0x3
 *(.fsjump)
 .fsjump        0x00007c00        0x3 source/bootloader/stage1/boot.o

.fsheaders      0x00007c03       0x3b
 *(.fsheaders)
 .fsheaders     0x00007c03       0x3b source/bootloader/stage1/boot.o

.entry          0x00007c3e       0x76
                0x00007c3e                        __entry_start = .
 *(.entry)
 .entry         0x00007c3e       0x76 source/bootloader/stage1/boot.o
                0x00007c3e                start

.text           0x00007cc0       0xa7
 *(.text)
 .text          0x00007cc0       0xa7 source/bootloader/stage1/boot.o

.data           0x00007d68       0x2f
 *(.data)
 .data          0x00007d68       0x2f source/bootloader/stage1/boot.o
                0x00007d79                stage2_location

.rodata         0x00007d98       0x4e
 *(.rodata)
 .rodata        0x00007d98       0x4e source/bootloader/stage1/boot.o

.bios_footer    0x00007dfe        0x2
                0x00007dfe        0x2 SHORT 0xaa55

.bss            0x00007e00      0x200
 *(.bss)
 .bss           0x00007e00      0x200 source/bootloader/stage1/boot.o
LOAD source/bootloader/stage1/boot.o
LOAD /home/viktorpopp/toolchain/i686-elf/lib/gcc/i686-elf/14.1.0/libgcc.a
OUTPUT(source/bootloader/stage1/stage1.bin binary)

.debug_aranges  0x00000000       0x20
 .debug_aranges
                0x00000000       0x20 source/bootloader/stage1/boot.o

.debug_pubnames
                0x00000000        0x0
 .debug_pubnames
                0x00000000        0x0 source/bootloader/stage1/boot.o

.debug_info     0x00000000       0x89
 .debug_info    0x00000000       0x89 source/bootloader/stage1/boot.o

.debug_abbrev   0x00000000       0x1d
 .debug_abbrev  0x00000000       0x1d source/bootloader/stage1/boot.o

.debug_line     0x00000000       0xb8
 .debug_line    0x00000000       0xb8 source/bootloader/stage1/boot.o

.debug_frame    0x00000000        0x0
 .debug_frame   0x00000000        0x0 source/bootloader/stage1/boot.o

.debug_loc      0x00000000        0x0
 .debug_loc     0x00000000        0x0 source/bootloader/stage1/boot.o
